✅ Pushed templates/collection.accessories.json
   updated_at: 2026-05-25T22:49:13-04:00
✅ Pushed templates/collection.boardroom.json
   updated_at: 2026-05-25T22:49:13-04:00
✅ Pushed templates/collection.business-furniture.json
   updated_at: 2026-05-25T22:49:13-04:00
✅ Pushed templates/collection.desks.json
   updated_at: 2026-05-25T22:49:13-04:00
✅ Pushed templates/collection.ergonomic-products.json
   updated_at: 2026-05-25T22:49:13-04:00
✅ Pushed templates/collection.panels-room-dividers.json
   updated_at: 2026-05-25T22:49:13-04:00
✅ Pushed templates/collection.seating.json
   updated_at: 2026-05-25T22:49:13-04:00
✅ Pushed templates/collection.storage.json
   updated_at: 2026-05-25T22:49:13-04:00
✅ Pushed templates/collection.tables.json
   updated_at: 2026-05-25T22:49:13-04:00
✅ Pushed assets/bbi-homepage.css
   updated_at: 2026-05-25T22:49:13-04:00
✅ Pushed sections/header.liquid
   updated_at: 2026-05-25T22:49:13-04:00
✅ Pushed snippets/header-logo.liquid
   updated_at: 2026-05-25T22:49:13-04:00
✅ Pushed assets/header.css
   updated_at: 2026-05-25T22:49:14-04:00
